
> first@0.1.0 build
> react-scripts build

(node:34812) [DEP0176] DeprecationWarning: fs.F_OK is deprecated, use fs.constants.F_OK instead
(Use `node --trace-deprecation ...` to show where the warning was created)
Creating an optimized production build...
Compiled with warnings.

[eslint] 
src\components\Admin.js
  Line 8:11:  'logout' is assigned a value but never used  no-unused-vars

src\components\AdminInventory.js
  Line 125:6:  React Hook useEffect has a missing dependency: 'fetchInventory'. Either include it or remove the dependency array  react-hooks/exhaustive-deps

src\components\AdminNotifications.js
  Line 7:10:  'phone' is assigned a value but never used                                                                                     no-unused-vars
  Line 40:6:  React Hook useEffect has a missing dependency: 'fetchFeedbackNotifications'. Either include it or remove the dependency array  react-hooks/exhaustive-deps
  Line 44:9:  'mounted' is assigned a value but never used                                                                                   no-unused-vars
  Line 79:6:  React Hook useEffect has a missing dependency: 'API_URL'. Either include it or remove the dependency array                     react-hooks/exhaustive-deps

src\components\AdminUserManager.js
  Line 30:6:  React Hook useEffect has a missing dependency: 'fetchUsers'. Either include it or remove the dependency array  react-hooks/exhaustive-deps

src\components\Login.js
  Line 27:9:  'generateUsername' is assigned a value but never used  no-unused-vars

src\components\LostId.js
  Line 7:29:  'notifications' is assigned a value but never used  no-unused-vars

src\components\MenuAdmin.js
  Line 29:6:  React Hook useEffect has a missing dependency: 'fetchMenu'. Either include it or remove the dependency array  react-hooks/exhaustive-deps

src\components\Staff.js
  Line 1:10:  'Link' is defined but never used           no-unused-vars
  Line 4:10:  'useEffect' is defined but never used      no-unused-vars
  Line 8:11:  'user' is assigned a value but never used  no-unused-vars

src\components\StaffFeedback.js
  Line 26:6:  React Hook useEffect has a missing dependency: 'fetchFeedback'. Either include it or remove the dependency array  react-hooks/exhaustive-deps

src\components\StaffRegistration.js
  Line 129:6:  React Hook useEffect has a missing dependency: 'fetchStaff'. Either include it or remove the dependency array  react-hooks/exhaustive-deps

src\components\StudentFeedback.js
  Line 7:24:  'feedback' is assigned a value but never used  no-unused-vars

src\components\StudentHistory.js
  Line 5:11:  'user' is assigned a value but never used  no-unused-vars

src\components\StudentProfile.js
  Line 39:41:  Unnecessary escape character: \-  no-useless-escape

src\components\ViewScheduleStaff.js
  Line 12:10:  'users' is assigned a value but never used    no-unused-vars
  Line 13:10:  'workers' is assigned a value but never used  no-unused-vars

src\components\WorkerSchedule.js
  Line 12:10:  'users' is assigned a value but never used    no-unused-vars
  Line 13:10:  'workers' is assigned a value but never used  no-unused-vars

Search for the keywords to learn more about each warning.
To ignore, add // eslint-disable-next-line to the line before.

File sizes after gzip:

  172.35 kB  build\static\js\main.6607fa98.js
  3.32 kB    build\static\css\main.63a56e5d.css
  1.76 kB    build\static\js\453.c16364da.chunk.js

The project was built assuming it is hosted at /.
You can control this with the homepage field in your package.json.

The build folder is ready to be deployed.
You may serve it with a static server:

  npm install -g serve
  serve -s build

Find out more about deployment here:

  https://cra.link/deployment

